2025-05-27 00:02:23.975 [http-nio-8080-exec-7] ERROR c.c.carsharing.aspect.LoggingAspect - Exception in method: BookingController.createBooking(..), Message: Машина с ID 2 уже забронирована на указанные даты
2025-05-27 00:27:32.153 [http-nio-8080-exec-4] ERROR c.c.carsharing.aspect.LoggingAspect - Exception in method: BookingController.createBooking(..), Message: Машина с ID 4 уже забронирована на указанные даты
2025-05-27 01:40:10.313 [http-nio-8080-exec-5] ERROR c.c.carsharing.aspect.LoggingAspect - Exception in method: BookingController.updateBooking(..), Message: Cannot invoke "java.time.LocalDate.isAfter(java.time.chrono.ChronoLocalDate)" because "startDate" is null
2025-05-27 01:40:12.530 [http-nio-8080-exec-6] ERROR c.c.carsharing.aspect.LoggingAspect - Exception in method: BookingController.updateBooking(..), Message: Cannot invoke "java.time.LocalDate.isAfter(java.time.chrono.ChronoLocalDate)" because "startDate" is null
2025-05-27 01:40:35.854 [http-nio-8080-exec-8] ERROR c.c.carsharing.aspect.LoggingAspect - Exception in method: BookingController.updateBooking(..), Message: Cannot invoke "java.time.LocalDate.isAfter(java.time.chrono.ChronoLocalDate)" because "startDate" is null
2025-05-27 01:41:29.882 [http-nio-8080-exec-3] ERROR c.c.carsharing.aspect.LoggingAspect - Exception in method: BookingController.updateBooking(..), Message: Cannot invoke "java.time.LocalDate.isAfter(java.time.chrono.ChronoLocalDate)" because "startDate" is null
2025-05-27 01:41:31.443 [http-nio-8080-exec-4] ERROR c.c.carsharing.aspect.LoggingAspect - Exception in method: BookingController.updateBooking(..), Message: Cannot invoke "java.time.LocalDate.isAfter(java.time.chrono.ChronoLocalDate)" because "startDate" is null
2025-05-27 01:42:05.112 [http-nio-8080-exec-7] ERROR c.c.carsharing.aspect.LoggingAspect - Exception in method: BookingController.updateBooking(..), Message: Cannot invoke "java.time.LocalDate.isAfter(java.time.chrono.ChronoLocalDate)" because "startDate" is null
2025-05-27 01:47:50.690 [http-nio-8080-exec-6] ERROR c.c.carsharing.aspect.LoggingAspect - Exception in method: BookingController.updateBooking(..), Message: Cannot invoke "java.time.LocalDate.isAfter(java.time.chrono.ChronoLocalDate)" because "startDate" is null
2025-05-27 01:48:03.607 [http-nio-8080-exec-7] ERROR c.c.carsharing.aspect.LoggingAspect - Exception in method: BookingController.updateBooking(..), Message: Cannot invoke "java.time.LocalDate.isAfter(java.time.chrono.ChronoLocalDate)" because "startDate" is null
2025-05-27 01:52:12.458 [http-nio-8080-exec-8] ERROR c.c.carsharing.aspect.LoggingAspect - Exception in method: BookingController.updateBooking(..), Message: Cannot invoke "java.time.LocalDate.isAfter(java.time.chrono.ChronoLocalDate)" because "startDate" is null
2025-05-27 01:57:34.525 [http-nio-8080-exec-4] ERROR c.c.carsharing.aspect.LoggingAspect - Exception in method: BookingController.updateBooking(..), Message: Cannot invoke "java.time.LocalDate.isAfter(java.time.chrono.ChronoLocalDate)" because "startDate" is null
2025-05-27 01:57:40.098 [http-nio-8080-exec-5] ERROR c.c.carsharing.aspect.LoggingAspect - Exception in method: BookingController.updateBooking(..), Message: Cannot invoke "java.time.LocalDate.isAfter(java.time.chrono.ChronoLocalDate)" because "startDate" is null
2025-05-27 02:13:40.366 [http-nio-8080-exec-9] ERROR c.c.carsharing.aspect.LoggingAspect - Exception in method: BookingController.updateBooking(..), Message: Cannot invoke "java.time.LocalDate.isAfter(java.time.chrono.ChronoLocalDate)" because "startDate" is null
2025-05-27 02:22:56.832 [http-nio-8080-exec-8] ERROR c.c.carsharing.aspect.LoggingAspect - Exception in method: BookingController.updateBooking(..), Message: Cannot invoke "java.time.LocalDate.isAfter(java.time.chrono.ChronoLocalDate)" because "startDate" is null
2025-05-27 02:24:46.129 [http-nio-8080-exec-7] ERROR c.c.carsharing.aspect.LoggingAspect - Exception in method: BookingController.updateBooking(..), Message: Cannot invoke "java.time.LocalDate.isAfter(java.time.chrono.ChronoLocalDate)" because "startDate" is null
2025-05-27 02:29:01.408 [http-nio-8080-exec-7] ERROR c.c.carsharing.aspect.LoggingAspect - Exception in method: BookingController.updateBooking(..), Message: Cannot invoke "java.time.LocalDate.isAfter(java.time.chrono.ChronoLocalDate)" because "startDate" is null
2025-05-27 02:29:02.560 [http-nio-8080-exec-8] ERROR c.c.carsharing.aspect.LoggingAspect - Exception in method: BookingController.updateBooking(..), Message: Cannot invoke "java.time.LocalDate.isAfter(java.time.chrono.ChronoLocalDate)" because "startDate" is null
2025-05-27 02:29:37.947 [http-nio-8080-exec-9] ERROR c.c.carsharing.aspect.LoggingAspect - Exception in method: BookingController.updateBooking(..), Message: Cannot invoke "java.time.LocalDate.isAfter(java.time.chrono.ChronoLocalDate)" because "startDate" is null
2025-05-27 02:30:09.417 [http-nio-8080-exec-10] ERROR c.c.carsharing.aspect.LoggingAspect - Exception in method: BookingController.updateBooking(..), Message: Cannot invoke "java.time.LocalDate.isAfter(java.time.chrono.ChronoLocalDate)" because "startDate" is null
2025-05-27 02:36:47.738 [http-nio-8080-exec-4] ERROR c.c.carsharing.aspect.LoggingAspect - Exception in method: BookingController.updateBooking(..), Message: Машина с ID 4 уже забронирована на указанные даты
2025-05-27 02:44:03.951 [http-nio-8080-exec-7] ERROR c.c.carsharing.aspect.LoggingAspect - Exception in method: BookingController.createBooking(..), Message: Машина с ID 2 уже забронирована на указанные даты
2025-05-27 02:48:25.450 [http-nio-8080-exec-5] ERROR c.c.carsharing.aspect.LoggingAspect - Exception in method: BookingController.createBooking(..), Message: Машина с ID 3 уже забронирована на указанные даты
2025-05-27 02:49:33.330 [http-nio-8080-exec-2] ERROR c.c.carsharing.aspect.LoggingAspect - Exception in method: BookingController.createBooking(..), Message: Машина с ID 2 уже забронирована на указанные даты
2025-05-27 02:57:24.815 [http-nio-8080-exec-7] ERROR c.c.carsharing.aspect.LoggingAspect - Exception in method: BookingController.createBooking(..), Message: Машина с ID 5 уже забронирована на указанные даты
2025-05-27 03:05:10.067 [http-nio-8080-exec-7] ERROR c.c.carsharing.aspect.LoggingAspect - Exception in method: BookingController.createBooking(..), Message: Машина с ID 4 уже забронирована на указанные даты
2025-05-27 03:13:00.919 [http-nio-8080-exec-10] ERROR c.c.carsharing.aspect.LoggingAspect - Exception in method: AuthController.login(..), Message: User not found
2025-05-27 03:17:08.464 [http-nio-8080-exec-6] ERROR c.c.carsharing.aspect.LoggingAspect - Exception in method: AuthController.login(..), Message: User not found
2025-05-27 03:17:33.586 [http-nio-8080-exec-3] ERROR c.c.carsharing.aspect.LoggingAspect - Exception in method: BookingController.createBooking(..), Message: Машина с ID 2 уже забронирована на указанные даты
2025-05-27 03:18:07.653 [http-nio-8080-exec-7] ERROR c.c.carsharing.aspect.LoggingAspect - Exception in method: BookingController.updateBooking(..), Message: Машина с ID 2 уже забронирована на указанные даты
2025-05-27 03:22:54.269 [http-nio-8080-exec-8] ERROR c.c.carsharing.aspect.LoggingAspect - Exception in method: BookingController.updateBooking(..), Message: Машина с ID 2 уже забронирована на указанные даты
2025-05-27 03:23:06.064 [http-nio-8080-exec-2] ERROR c.c.carsharing.aspect.LoggingAspect - Exception in method: BookingController.createBooking(..), Message: Машина с ID 2 уже забронирована на указанные даты
2025-05-27 03:23:07.630 [http-nio-8080-exec-3] ERROR c.c.carsharing.aspect.LoggingAspect - Exception in method: BookingController.createBooking(..), Message: Машина с ID 2 уже забронирована на указанные даты
2025-05-27 03:26:19.950 [http-nio-8080-exec-7] ERROR c.c.carsharing.aspect.LoggingAspect - Exception in method: BookingController.createBooking(..), Message: Машина с ID 2 уже забронирована на указанные даты
2025-05-27 03:33:50.396 [http-nio-8080-exec-6] ERROR c.c.carsharing.aspect.LoggingAspect - Exception in method: BookingController.createBooking(..), Message: Машина с ID 2 уже забронирована на указанные даты
2025-05-27 03:33:58.261 [http-nio-8080-exec-4] ERROR c.c.carsharing.aspect.LoggingAspect - Exception in method: BookingController.createBooking(..), Message: Машина с ID 2 уже забронирована на указанные даты
2025-05-27 03:34:19.762 [http-nio-8080-exec-9] ERROR c.c.carsharing.aspect.LoggingAspect - Exception in method: BookingController.createBooking(..), Message: Дата начала не может быть более чем на год вперед
2025-05-27 03:47:26.174 [http-nio-8080-exec-8] ERROR c.c.carsharing.aspect.LoggingAspect - Exception in method: BookingController.updateBooking(..), Message: Машина с ID 2 уже забронирована на указанные даты
