2025-04-01 02:18:00.901 [http-nio-8080-exec-6] ERROR c.c.carsharing.aspect.LoggingAspect - Exception in method: CarController.getCarById(..), Message: Car not found with ID: 5
2025-04-01 02:22:12.806 [http-nio-8080-exec-3] ERROR c.c.carsharing.aspect.LoggingAspect - Exception in method: CarController.getCarById(..), Message: Car not found with ID: 2
2025-04-01 02:25:40.894 [http-nio-8080-exec-6] ERROR c.c.carsharing.aspect.LoggingAspect - Exception in method: CarController.getCarById(..), Message: Car not found with ID: 5
2025-04-01 02:27:28.629 [http-nio-8080-exec-5] ERROR c.c.carsharing.aspect.LoggingAspect - Exception in method: CarController.getCarById(..), Message: Car not found with ID: 6
2025-04-01 02:27:34.665 [http-nio-8080-exec-3] ERROR c.c.carsharing.aspect.LoggingAspect - Exception in method: CarController.getCarById(..), Message: Car not found with ID: 10
2025-04-01 02:27:50.946 [http-nio-8080-exec-2] ERROR c.c.carsharing.aspect.LoggingAspect - Exception in method: BookingController.getBookingById(..), Message: Booking not found with ID: 11
2025-04-01 02:34:07.143 [http-nio-8080-exec-9] ERROR c.c.carsharing.aspect.LoggingAspect - Exception in method: CarController.getCars(..), Message: No cars found for brand: Toyota
2025-04-01 08:23:38.242 [http-nio-8080-exec-1] ERROR c.c.carsharing.aspect.LoggingAspect - Exception in method: BookingController.createBooking(..), Message: Cannot invoke "java.time.LocalDate.isAfter(java.time.chrono.ChronoLocalDate)" because "startDate" is null
2025-04-01 08:24:30.097 [http-nio-8080-exec-6] ERROR c.c.carsharing.aspect.LoggingAspect - Exception in method: BookingController.createBooking(..), Message: Cannot invoke "java.time.LocalDate.isAfter(java.time.chrono.ChronoLocalDate)" because "startDate" is null
2025-04-01 08:26:13.282 [http-nio-8080-exec-2] ERROR c.c.carsharing.aspect.LoggingAspect - Exception in method: BookingController.createBooking(..), Message: Cannot invoke "java.time.LocalDate.isAfter(java.time.chrono.ChronoLocalDate)" because "startDate" is null
2025-04-01 08:26:24.614 [http-nio-8080-exec-3] ERROR c.c.carsharing.aspect.LoggingAspect - Exception in method: BookingController.createBooking(..), Message: Cannot invoke "java.time.LocalDate.isAfter(java.time.chrono.ChronoLocalDate)" because "startDate" is null
2025-04-01 08:26:30.790 [http-nio-8080-exec-5] ERROR c.c.carsharing.aspect.LoggingAspect - Exception in method: BookingController.createBooking(..), Message: Cannot invoke "java.time.LocalDate.isAfter(java.time.chrono.ChronoLocalDate)" because "startDate" is null
2025-04-01 08:26:41.370 [http-nio-8080-exec-8] ERROR c.c.carsharing.aspect.LoggingAspect - Exception in method: BookingController.createBooking(..), Message: Cannot invoke "java.time.LocalDate.isAfter(java.time.chrono.ChronoLocalDate)" because "startDate" is null
2025-04-01 08:26:47.331 [http-nio-8080-exec-7] ERROR c.c.carsharing.aspect.LoggingAspect - Exception in method: BookingController.createBooking(..), Message: Cannot invoke "java.time.LocalDate.isAfter(java.time.chrono.ChronoLocalDate)" because "startDate" is null
2025-04-01 08:34:37.272 [http-nio-8080-exec-1] ERROR c.c.carsharing.aspect.LoggingAspect - Exception in method: BookingController.createBooking(..), Message: class com.carsharing.carsharing.model.Owner cannot be cast to class com.carsharing.carsharing.model.Renter (com.carsharing.carsharing.model.Owner and com.carsharing.carsharing.model.Renter are in unnamed module of loader org.springframework.boot.devtools.restart.classloader.RestartClassLoader @1312ba52)
2025-04-01 08:34:41.609 [http-nio-8080-exec-2] ERROR c.c.carsharing.aspect.LoggingAspect - Exception in method: BookingController.createBooking(..), Message: class com.carsharing.carsharing.model.Owner cannot be cast to class com.carsharing.carsharing.model.Renter (com.carsharing.carsharing.model.Owner and com.carsharing.carsharing.model.Renter are in unnamed module of loader org.springframework.boot.devtools.restart.classloader.RestartClassLoader @1312ba52)
2025-04-01 08:36:23.346 [http-nio-8080-exec-2] ERROR c.c.carsharing.aspect.LoggingAspect - Exception in method: BookingController.createBooking(..), Message: class com.carsharing.carsharing.model.Owner cannot be cast to class com.carsharing.carsharing.model.Renter (com.carsharing.carsharing.model.Owner and com.carsharing.carsharing.model.Renter are in unnamed module of loader org.springframework.boot.devtools.restart.classloader.RestartClassLoader @48cfcd00)
2025-04-01 08:36:27.988 [http-nio-8080-exec-4] ERROR c.c.carsharing.aspect.LoggingAspect - Exception in method: BookingController.createBooking(..), Message: class com.carsharing.carsharing.model.Owner cannot be cast to class com.carsharing.carsharing.model.Renter (com.carsharing.carsharing.model.Owner and com.carsharing.carsharing.model.Renter are in unnamed module of loader org.springframework.boot.devtools.restart.classloader.RestartClassLoader @48cfcd00)
2025-04-01 08:39:59.590 [http-nio-8080-exec-2] ERROR c.c.carsharing.aspect.LoggingAspect - Exception in method: BookingController.createBooking(..), Message: class com.carsharing.carsharing.model.Owner cannot be cast to class com.carsharing.carsharing.model.Renter (com.carsharing.carsharing.model.Owner and com.carsharing.carsharing.model.Renter are in unnamed module of loader org.springframework.boot.devtools.restart.classloader.RestartClassLoader @40a6f857)
2025-04-01 08:45:24.381 [http-nio-8080-exec-2] ERROR c.c.carsharing.aspect.LoggingAspect - Exception in method: BookingController.createBooking(..), Message: class com.carsharing.carsharing.model.Owner cannot be cast to class com.carsharing.carsharing.model.Renter (com.carsharing.carsharing.model.Owner and com.carsharing.carsharing.model.Renter are in unnamed module of loader org.springframework.boot.devtools.restart.classloader.RestartClassLoader @7b3d620d)
2025-04-01 08:45:44.094 [http-nio-8080-exec-5] ERROR c.c.carsharing.aspect.LoggingAspect - Exception in method: BookingController.createBooking(..), Message: Дата окончания должна быть после даты начала
2025-04-01 08:46:01.767 [http-nio-8080-exec-7] ERROR c.c.carsharing.aspect.LoggingAspect - Exception in method: BookingController.createBooking(..), Message: Дата начала не может быть в прошлом
2025-04-01 08:51:39.895 [http-nio-8080-exec-2] ERROR c.c.carsharing.aspect.LoggingAspect - Exception in method: BookingController.createBooking(..), Message: Дата начала не может быть в прошлом
2025-04-01 08:51:54.556 [http-nio-8080-exec-4] ERROR c.c.carsharing.aspect.LoggingAspect - Exception in method: BookingController.createBooking(..), Message: Дата окончания должна быть после даты начала
2025-04-01 08:52:14.272 [http-nio-8080-exec-2] ERROR c.c.carsharing.aspect.LoggingAspect - Exception in method: BookingController.createBooking(..), Message: Дата окончания должна быть после даты начала
2025-04-01 08:52:39.772 [http-nio-8080-exec-6] ERROR c.c.carsharing.aspect.LoggingAspect - Exception in method: BookingController.createBooking(..), Message: Дата начала не может быть в прошлом
2025-04-01 08:52:48.207 [http-nio-8080-exec-8] ERROR c.c.carsharing.aspect.LoggingAspect - Exception in method: BookingController.createBooking(..), Message: Машина с ID 8 уже забронирована на указанные даты
2025-04-01 08:53:20.395 [http-nio-8080-exec-1] ERROR c.c.carsharing.aspect.LoggingAspect - Exception in method: BookingController.createBooking(..), Message: One or more cars not found with provided IDs
2025-04-01 08:53:32.762 [http-nio-8080-exec-2] ERROR c.c.carsharing.aspect.LoggingAspect - Exception in method: BookingController.createBooking(..), Message: Renter not found with ID: 89
2025-04-01 08:53:41.740 [http-nio-8080-exec-3] ERROR c.c.carsharing.aspect.LoggingAspect - Exception in method: BookingController.createBooking(..), Message: One or more cars not found with provided IDs
2025-04-01 11:03:41.286 [http-nio-8080-exec-8] ERROR c.c.carsharing.aspect.LoggingAspect - Exception in method: LogController.downloadLogFile(..), Message: Incorrect date format. Use dd.MM.yyyy.
2025-04-01 11:13:44.336 [http-nio-8080-exec-2] ERROR c.c.carsharing.aspect.LoggingAspect - Exception in method: LogController.downloadLogFile(..), Message: Incorrect date format. Use dd.MM.yyyy.
2025-04-01 11:18:16.202 [http-nio-8080-exec-5] ERROR c.c.carsharing.aspect.LoggingAspect - Exception in method: BookingController.getBookingById(..), Message: Booking not found with ID: 11
2025-04-01 11:27:32.696 [http-nio-8080-exec-5] ERROR c.c.carsharing.aspect.LoggingAspect - Exception in method: BookingController.createBooking(..), Message: Машина с ID 8 уже забронирована на указанные даты
2025-04-01 11:27:47.745 [http-nio-8080-exec-7] ERROR c.c.carsharing.aspect.LoggingAspect - Exception in method: BookingController.createBooking(..), Message: Машина с ID 8 уже забронирована на указанные даты
2025-04-01 11:27:52.471 [http-nio-8080-exec-9] ERROR c.c.carsharing.aspect.LoggingAspect - Exception in method: BookingController.createBooking(..), Message: Машина с ID 8 уже забронирована на указанные даты
2025-04-01 11:54:59.647 [http-nio-8080-exec-6] ERROR c.c.carsharing.aspect.LoggingAspect - Exception in method: BookingController.createBooking(..), Message: Машина с ID 7 уже забронирована на указанные даты
2025-04-01 11:55:19.100 [http-nio-8080-exec-3] ERROR c.c.carsharing.aspect.LoggingAspect - Exception in method: BookingController.createBooking(..), Message: Дата начала не может быть в прошлом
2025-04-01 11:55:56.161 [http-nio-8080-exec-1] ERROR c.c.carsharing.aspect.LoggingAspect - Exception in method: BookingController.createBooking(..), Message: Машина с ID 7 уже забронирована на указанные даты
2025-04-01 11:56:03.393 [http-nio-8080-exec-2] ERROR c.c.carsharing.aspect.LoggingAspect - Exception in method: BookingController.createBooking(..), Message: Машина с ID 7 уже забронирована на указанные даты
